
Discarded input sections

 .data          0x0000000000000000        0x0 /mnt/c/dev/umbra-os/sysroot/usr/lib/crt0.o
 .bss           0x0000000000000000        0x0 /mnt/c/dev/umbra-os/sysroot/usr/lib/crt0.o
 .note.GNU-stack
                0x0000000000000000        0x0 /mnt/c/dev/umbra-os/sysroot/usr/lib/crt0.o
 .text          0x0000000000000000        0x0 /mnt/c/dev/umbra-os/sysroot/lib/gcc/x86_64-umbra/13.2.0/crti.o
 .data          0x0000000000000000        0x0 /mnt/c/dev/umbra-os/sysroot/lib/gcc/x86_64-umbra/13.2.0/crti.o
 .bss           0x0000000000000000        0x0 /mnt/c/dev/umbra-os/sysroot/lib/gcc/x86_64-umbra/13.2.0/crti.o
 .data          0x0000000000000000        0x8 /mnt/c/dev/umbra-os/sysroot/lib/gcc/x86_64-umbra/13.2.0/crtbegin.o
 .note.GNU-stack
                0x0000000000000000        0x0 /mnt/c/dev/umbra-os/sysroot/lib/gcc/x86_64-umbra/13.2.0/crtbegin.o
 .group         0x0000000000000000        0xc build/dummy.o
 .group         0x0000000000000000        0xc build/dummy.o
 .group         0x0000000000000000        0xc build/dummy.o
 .group         0x0000000000000000        0xc build/dummy.o
 .group         0x0000000000000000        0xc build/dummy.o
 .group         0x0000000000000000        0xc build/dummy.o
 .group         0x0000000000000000        0xc build/dummy.o
 .group         0x0000000000000000        0xc build/dummy.o
 .group         0x0000000000000000        0xc build/dummy.o
 .group         0x0000000000000000        0xc build/dummy.o
 .group         0x0000000000000000        0xc build/dummy.o
 .text          0x0000000000000000        0x1 build/dummy.o
 .data          0x0000000000000000        0x0 build/dummy.o
 .note.GNU-stack
                0x0000000000000000        0x0 build/dummy.o
 .group         0x0000000000000000        0xc build/am_map.o
 .group         0x0000000000000000        0xc build/am_map.o
 .group         0x0000000000000000        0xc build/am_map.o
 .group         0x0000000000000000        0xc build/am_map.o
 .group         0x0000000000000000        0xc build/am_map.o
 .group         0x0000000000000000        0xc build/am_map.o
 .group         0x0000000000000000        0xc build/am_map.o
 .group         0x0000000000000000        0xc build/am_map.o
 .group         0x0000000000000000        0xc build/am_map.o
 .group         0x0000000000000000        0xc build/am_map.o
 .group         0x0000000000000000        0xc build/am_map.o
 .group         0x0000000000000000        0xc build/am_map.o
 .group         0x0000000000000000        0xc build/am_map.o
 .group         0x0000000000000000        0xc build/am_map.o
 .group         0x0000000000000000        0xc build/am_map.o
 .group         0x0000000000000000        0xc build/am_map.o
 .group         0x0000000000000000        0xc build/am_map.o
 .group         0x0000000000000000        0xc build/am_map.o
 .group         0x0000000000000000        0xc build/am_map.o
 .group         0x0000000000000000        0xc build/am_map.o
 .group         0x0000000000000000        0xc build/am_map.o
 .group         0x0000000000000000        0xc build/am_map.o
 .group         0x0000000000000000        0xc build/am_map.o
 .group         0x0000000000000000        0xc build/am_map.o
 .group         0x0000000000000000        0xc build/am_map.o
 .group         0x0000000000000000        0xc build/am_map.o
 .group         0x0000000000000000        0xc build/am_map.o
 .group         0x0000000000000000        0xc build/am_map.o
 .group         0x0000000000000000        0xc build/am_map.o
 .group         0x0000000000000000        0xc build/am_map.o
 .group         0x0000000000000000        0xc build/am_map.o
 .group         0x0000000000000000        0xc build/am_map.o
 .group         0x0000000000000000        0xc build/am_map.o
 .group         0x0000000000000000        0xc build/am_map.o
 .group         0x0000000000000000        0xc build/am_map.o
 .group         0x0000000000000000        0xc build/am_map.o
 .group         0x0000000000000000        0xc build/am_map.o
 .group         0x0000000000000000        0xc build/am_map.o
 .group         0x0000000000000000        0xc build/am_map.o
 .group         0x0000000000000000        0xc build/am_map.o
 .group         0x0000000000000000        0xc build/am_map.o
 .group         0x0000000000000000        0xc build/am_map.o
 .group         0x0000000000000000        0xc build/am_map.o
 .group         0x0000000000000000        0xc build/am_map.o
 .group         0x0000000000000000        0xc build/am_map.o
 .debug_macro   0x0000000000000000      0x89e build/am_map.o
 .debug_macro   0x0000000000000000       0x10 build/am_map.o
 .debug_macro   0x0000000000000000       0x90 build/am_map.o
 .debug_macro   0x0000000000000000      0x1a1 build/am_map.o
 .debug_macro   0x0000000000000000       0x16 build/am_map.o
 .debug_macro   0x0000000000000000      0x173 build/am_map.o
 .debug_macro   0x0000000000000000      0x24a build/am_map.o
 .debug_macro   0x0000000000000000       0x9a build/am_map.o
[...]
Memory Configuration

Name             Origin             Length             Attributes
*default*        0x0000000000000000 0xffffffffffffffff

Linker script and memory map

LOAD /mnt/c/dev/umbra-os/sysroot/usr/lib/crt0.o
LOAD /mnt/c/dev/umbra-os/sysroot/lib/gcc/x86_64-umbra/13.2.0/crti.o
LOAD /mnt/c/dev/umbra-os/sysroot/lib/gcc/x86_64-umbra/13.2.0/crtbegin.o
LOAD build/dummy.o
LOAD build/am_map.o
LOAD build/doomdef.o
LOAD build/doomstat.o
LOAD build/dstrings.o
LOAD build/d_event.o
LOAD build/d_items.o
LOAD build/d_iwad.o
LOAD build/d_loop.o
LOAD build/d_main.o
LOAD build/d_mode.o
LOAD build/d_net.o
LOAD build/f_finale.o
LOAD build/f_wipe.o
LOAD build/g_game.o
LOAD build/hu_lib.o
LOAD build/hu_stuff.o
LOAD build/info.o
LOAD build/i_cdmus.o
LOAD build/i_endoom.o
LOAD build/i_joystick.o
LOAD build/i_scale.o
LOAD build/i_sound.o
LOAD build/i_system.o
LOAD build/i_timer.o
LOAD build/memio.o
LOAD build/m_argv.o
LOAD build/m_bbox.o
LOAD build/m_cheat.o
LOAD build/m_config.o
LOAD build/m_controls.o
LOAD build/m_fixed.o
LOAD build/m_menu.o
LOAD build/m_misc.o
LOAD build/m_random.o
LOAD build/p_ceilng.o
LOAD build/p_doors.o
LOAD build/p_enemy.o
LOAD build/p_floor.o
LOAD build/p_inter.o
LOAD build/p_lights.o
LOAD build/p_map.o
LOAD build/p_maputl.o
LOAD build/p_mobj.o
LOAD build/p_plats.o
LOAD build/p_pspr.o
LOAD build/p_saveg.o
LOAD build/p_setup.o
LOAD build/p_sight.o
LOAD build/p_spec.o
LOAD build/p_switch.o
LOAD build/p_telept.o
LOAD build/p_tick.o
LOAD build/p_user.o
LOAD build/r_bsp.o
LOAD build/r_data.o
LOAD build/r_draw.o
LOAD build/r_main.o
LOAD build/r_plane.o
LOAD build/r_segs.o
LOAD build/r_sky.o
LOAD build/r_things.o
LOAD build/sha1.o
LOAD build/sounds.o
LOAD build/statdump.o
LOAD build/st_lib.o
LOAD build/st_stuff.o
LOAD build/s_sound.o
LOAD build/tables.o
LOAD build/v_video.o
LOAD build/wi_stuff.o
LOAD build/w_checksum.o
LOAD build/w_file.o
LOAD build/w_main.o
LOAD build/w_wad.o
LOAD build/z_zone.o
LOAD build/w_file_stdc.o
LOAD build/i_input.o
LOAD build/i_video.o
LOAD build/doomgeneric.o
LOAD build/doomgeneric_umbra.o
LOAD /mnt/c/dev/umbra-os/sysroot/usr/lib/libgui.so
LOAD /mnt/c/dev/umbra-os/sysroot/lib/gcc/x86_64-umbra/13.2.0/../../../../x86_64-umbra/lib/libstdc++.a
LOAD /mnt/c/dev/umbra-os/sysroot/usr/lib/libm.so
LOAD /mnt/c/dev/umbra-os/sysroot/usr/lib/libc.so
LOAD /mnt/c/dev/umbra-os/sysroot/lib/gcc/x86_64-umbra/13.2.0/../../../../x86_64-umbra/lib/libgcc_s.so
LOAD /mnt/c/dev/umbra-os/sysroot/lib/gcc/x86_64-umbra/13.2.0/libgcc.a
LOAD /mnt/c/dev/umbra-os/sysroot/usr/lib/libc.so
LOAD /mnt/c/dev/umbra-os/sysroot/lib/gcc/x86_64-umbra/13.2.0/../../../../x86_64-umbra/lib/libgcc_s.so
LOAD /mnt/c/dev/umbra-os/sysroot/lib/gcc/x86_64-umbra/13.2.0/libgcc.a
LOAD /mnt/c/dev/umbra-os/sysroot/lib/gcc/x86_64-umbra/13.2.0/crtend.o
LOAD /mnt/c/dev/umbra-os/sysroot/lib/gcc/x86_64-umbra/13.2.0/crtn.o
                [!provide]                        PROVIDE (__executable_start = SEGMENT_START ("text-segment", 0x400000))
                0x00000000004001c8                . = (SEGMENT_START ("text-segment", 0x400000) + SIZEOF_HEADERS)

.interp         0x00000000004001c8        0xf
 *(.interp)
 .interp        0x00000000004001c8        0xf /mnt/c/dev/umbra-os/sysroot/usr/lib/crt0.o

.note.gnu.build-id
 *(.note.gnu.build-id)

.hash           0x00000000004001d8      0x174
 *(.hash)
 .hash          0x00000000004001d8      0x174 /mnt/c/dev/umbra-os/sysroot/usr/lib/crt0.o

.gnu.hash
 *(.gnu.hash)

.dynsym         0x0000000000400350      0x510
 *(.dynsym)
 .dynsym        0x0000000000400350      0x510 /mnt/c/dev/umbra-os/sysroot/usr/lib/crt0.o

.dynstr         0x0000000000400860      0x220
 *(.dynstr)
 .dynstr        0x0000000000400860      0x220 /mnt/c/dev/umbra-os/sysroot/usr/lib/crt0.o

.gnu.version    0x0000000000400a80       0x6c
 *(.gnu.version)
 .gnu.version   0x0000000000400a80       0x6c /mnt/c/dev/umbra-os/sysroot/usr/lib/crt0.o

.gnu.version_d  0x0000000000400af0        0x0
 *(.gnu.version_d)
 .gnu.version_d
                0x0000000000400af0        0x0 /mnt/c/dev/umbra-os/sysroot/usr/lib/crt0.o

.gnu.version_r  0x0000000000400af0       0x20
 *(.gnu.version_r)
 .gnu.version_r
                0x0000000000400af0       0x20 /mnt/c/dev/umbra-os/sysroot/usr/lib/crt0.o

.rela.dyn       0x0000000000400b10       0x90
 *(.rela.init)
 *(.rela.text .rela.text.* .rela.gnu.linkonce.t.*)
 .rela.text     0x0000000000400b10        0x0 /mnt/c/dev/umbra-os/sysroot/usr/lib/crt0.o
 *(.rela.fini)
 *(.rela.rodata .rela.rodata.* .rela.gnu.linkonce.r.*)
 *(.rela.data .rela.data.* .rela.gnu.linkonce.d.*)
 .rela.data.rel.ro
                0x0000000000400b10        0x0 /mnt/c/dev/umbra-os/sysroot/usr/lib/crt0.o
 *(.rela.tdata .rela.tdata.* .rela.gnu.linkonce.td.*)
 *(.rela.tbss .rela.tbss.* .rela.gnu.linkonce.tb.*)
 *(.rela.ctors)
 *(.rela.dtors)
 *(.rela.got)
 .rela.got      0x0000000000400b10       0x78 /mnt/c/dev/umbra-os/sysroot/usr/lib/crt0.o
 *(.rela.bss .rela.bss.* .rela.gnu.linkonce.b.*)
 .rela.bss      0x0000000000400b88       0x18 /mnt/c/dev/umbra-os/sysroot/usr/lib/crt0.o
 *(.rela.ldata .rela.ldata.* .rela.gnu.linkonce.l.*)
 *(.rela.lbss .rela.lbss.* .rela.gnu.linkonce.lb.*)
 *(.rela.lrodata .rela.lrodata.* .rela.gnu.linkonce.lr.*)
 *(.rela.ifunc)

.rela.plt       0x0000000000400ba0      0x420
 *(.rela.plt)
 .rela.plt      0x0000000000400ba0      0x420 /mnt/c/dev/umbra-os/sysroot/usr/lib/crt0.o
                [!provide]                        PROVIDE (__rela_iplt_start = .)
 *(.rela.iplt)
 .rela.iplt     0x0000000000400fc0        0x0 /mnt/c/dev/umbra-os/sysroot/usr/lib/crt0.o
                [!provide]                        PROVIDE (__rela_iplt_end = .)

.relr.dyn
 *(.relr.dyn)

.init           0x0000000000400fc0        0x3
 *(SORT_NONE(.init))
 .init          0x0000000000400fc0        0x0 /mnt/c/dev/umbra-os/sysroot/lib/gcc/x86_64-umbra/13.2.0/crti.o
                0x0000000000400fc0                _init
 .init          0x0000000000400fc0        0x3 /mnt/c/dev/umbra-os/sysroot/lib/gcc/x86_64-umbra/13.2.0/crtn.o

.plt            0x0000000000400fd0      0x2d0
 *(.plt)
 .plt           0x0000000000400fd0      0x2d0 /mnt/c/dev/umbra-os/sysroot/usr/lib/crt0.o
                0x0000000000400fe0                remove
                0x0000000000400ff0                realloc
                0x0000000000401000                sscanf
                0x0000000000401010                gettimeofday
                0x0000000000401020                snprintf
                0x0000000000401030                strcmp
                0x0000000000401040                malloc
                0x0000000000401050                memmove
                0x0000000000401060                fflush
                0x0000000000401070                strncmp
                0x0000000000401080                system
                0x0000000000401090                strrchr
                0x00000000004010a0                fclose
                0x00000000004010b0                strdup
                0x00000000004010c0                __mlibc_entry
                0x00000000004010d0                strstr
                0x00000000004010e0                vfprintf
                0x00000000004010f0                rename
                0x0000000000401100                strchr
                0x0000000000401110                strncasecmp
                0x0000000000401120                ftell
                0x0000000000401130                printf
                0x0000000000401140                fwrite
                0x0000000000401150                strncpy
                0x0000000000401160                putchar
                0x0000000000401170                exit
                0x0000000000401180                fprintf
                0x0000000000401190                fread
                0x00000000004011a0                calloc
                0x00000000004011b0                draw_from_buffer(unsigned int*, unsigned long, unsigned long)
                0x00000000004011c0                get_kb_event(Keyboard::KeyboardEvent*)
                0x00000000004011d0                mkdir
                0x00000000004011e0                fputs
                0x00000000004011f0                vsnprintf
                0x0000000000401200                atof
                0x0000000000401210                free
                0x0000000000401220                toupper
                0x0000000000401230                atoi
                0x0000000000401240                puts
                0x0000000000401250                fopen
                0x0000000000401260                strlen
                0x0000000000401270                usleep
                0x0000000000401280                fseek
                0x0000000000401290                strcasecmp
 *(.iplt)
 .iplt          0x00000000004012a0        0x0 /mnt/c/dev/umbra-os/sysroot/usr/lib/crt0.o

.plt.got        0x00000000004012a0       0x10
 *(.plt.got)
 .plt.got       0x00000000004012a0       0x10 /mnt/c/dev/umbra-os/sysroot/usr/lib/crt0.o
                0x00000000004012a0                __deregister_frame_info@@GCC_3.0
                0x00000000004012a8                __register_frame_info@@GCC_3.0

.plt.sec
 *(.plt.sec)

.text           0x00000000004012b0    0x22cdc
 *(.text.unlikely .text.*_unlikely .text.unlikely.*)
 *(.text.exit .text.exit.*)
 *(.text.startup .text.startup.*)
 .text.startup  0x00000000004012b0       0x10 build/doomgeneric_umbra.o
                0x00000000004012b0                main
 *(.text.hot .text.hot.*)
 *(SORT_BY_NAME(.text.sorted.*))
 *(.text .stub .text.* .gnu.linkonce.t.*)
 .text          0x00000000004012c0        0xc /mnt/c/dev/umbra-os/sysroot/usr/lib/crt0.o
                0x00000000004012c0                _start
 *fill*         0x00000000004012cc        0x4 
 .text          0x00000000004012d0       0xe5 /mnt/c/dev/umbra-os/sysroot/lib/gcc/x86_64-umbra/13.2.0/crtbegin.o
 .text          0x00000000004013b5     0x165f build/am_map.o
                0x00000000004013b5                AM_getIslope
                0x0000000000401425                AM_activateNewScale
                0x00000000004014c8                AM_saveScaleAndLoc
                0x00000000004014f9                AM_restoreScaleAndLoc
                0x00000000004015a1                AM_addMark
                0x00000000004015eb                AM_findMinMaxBoundaries
                0x0000000000401723                AM_changeWindowLoc
                0x00000000004017da                AM_initVariables
                0x0000000000401931                AM_loadPics
                0x0000000000401979                AM_unloadPics
                0x00000000004019b2                AM_clearMarks
                0x00000000004019d1                AM_LevelInit
                0x0000000000401a43                AM_Stop
                0x0000000000401a6a                AM_Start
                0x0000000000401ac8                AM_minOutWindowScale
                0x0000000000401aee                AM_maxOutWindowScale
                0x0000000000401b14                AM_Responder
                0x0000000000401e3d                AM_changeWindowScale
                0x0000000000401e92                AM_doFollowPlayer
                0x0000000000401f6e                AM_updateLightLev
                0x0000000000401fba                AM_Ticker
                0x0000000000402003                AM_clearFB
                0x000000000040201f                AM_clipMline
                0x00000000004022f7                AM_drawFline
                0x0000000000402416                AM_drawMline
                0x000000000040243f                AM_drawGrid
                0x0000000000402514                AM_drawWalls
                0x0000000000402608                AM_rotate
                0x0000000000402685                AM_drawLineCharacter
                0x0000000000402776                AM_drawPlayers
                0x0000000000402858                AM_drawThings
                0x00000000004028ca                AM_drawMarks
                0x0000000000402978                AM_drawCrosshair
                0x000000000040299d                AM_Drawer
 .text          0x0000000000402a14       0x64 build/d_event.o
                0x0000000000402a14                D_PostEvent
                0x0000000000402a46                D_PopEvent
 .text          0x0000000000402a78      0x3e8 build/d_iwad.o
                0x0000000000402aee                D_FindWADByName
                0x0000000000402b97                D_TryFindWADByName
                0x0000000000402bb3                D_FindIWAD
                0x0000000000402d6d                D_FindAllIWADs
                0x0000000000402dd6                D_SaveGameIWADName
                0x0000000000402dfb                D_SuggestIWADName
                0x0000000000402e2b                D_SuggestGameName
 .text          0x0000000000402e60      0x546 build/d_loop.o
                0x0000000000402e60                D_QuitNetGame
                0x0000000000402fa7                NetUpdate
                0x0000000000403009                D_ReceiveTic
                0x0000000000403094                D_StartGameLoop
                0x00000000004030ac                D_StartNetGame
                0x00000000004030e2                D_InitNetGame
                0x0000000000403109                TryRunTics
                0x000000000040339e                D_RegisterLoopCallbacks
 .text          0x00000000004033a6     0x13bc build/d_main.o
                0x00000000004033a6                D_GrabMouseCallback
                0x0000000000403421                D_ProcessEvents
                0x0000000000403458                D_BindVariables
                0x000000000040358a                D_PageTicker
                0x000000000040359d                D_PageDrawer
                0x00000000004035bf                D_Display
                0x0000000000403913                doomgeneric_Tick
                0x000000000040394c                D_DoomLoop
                0x00000000004039e8                D_AdvanceDemo
                0x00000000004039f3                D_DoAdvanceDemo
                0x0000000000403b65                D_StartTitle
                0x0000000000403b82                D_IdentifyVersion
                0x0000000000403d1b                D_SetGameDescription
                0x0000000000403df7                PrintDehackedBanners
                0x0000000000403df8                PrintGameVersion
                0x0000000000403e21                D_DoomMain
 .text          0x0000000000404762      0x119 build/d_mode.o
                0x0000000000404762                D_ValidGameMode
                0x0000000000404789                D_ValidEpisodeMap
                0x00000000004047fc                D_GetNumEpisodes
                0x000000000040481c                D_ValidGameVersion
                0x000000000040484f                D_IsEpisodeMap
                0x0000000000404866                D_GameMissionString
 .text          0x000000000040487b      0x389 build/d_net.o
                0x000000000040493c                D_ConnectNetGame
                0x0000000000404a0c                D_CheckNetGame
 .text          0x0000000000404c04      0xacd build/f_finale.o
                0x0000000000404c04                F_StartFinale
                0x0000000000404cea                F_TextWrite
                0x0000000000404df0                F_StartCast
                0x0000000000404e62                F_CastTicker
                0x00000000004051f9                F_Ticker
                0x00000000004052cf                F_CastResponder
                0x0000000000405350                F_Responder
                0x0000000000405361                F_CastPrint
                0x0000000000405407                F_CastDrawer
                0x000000000040549b                F_DrawPatchCol
                0x00000000004054f2                F_BunnyScroll
                0x0000000000405655                F_Drawer
 .text          0x00000000004056d1      0x468 build/f_wipe.o
                0x00000000004056d1                wipe_doColorXForm
                0x0000000000405730                wipe_exitColorXForm
                0x0000000000405733                wipe_doMelt
                0x000000000040586a                wipe_initColorXForm
                0x0000000000405883                wipe_exitMelt
                0x00000000004058af                wipe_shittyColMajorXform
                0x0000000000405935                wipe_initMelt
                0x0000000000405a10                wipe_StartScreen
                0x0000000000405a38                wipe_EndScreen
                0x0000000000405a94                wipe_ScreenWipe
 .text          0x0000000000405b39     0x2222 build/g_game.o
                0x0000000000405b39                G_CmdChecksum
                0x0000000000405b42                G_BuildTiccmd
                0x0000000000406175                G_DoLoadLevel
                0x00000000004062e6                G_Responder
                0x00000000004065c1                G_PlayerFinishLevel
                0x0000000000406618                G_PlayerReborn
                0x00000000004066b2                G_InitPlayer
                0x00000000004066b7                G_CheckSpot
                0x00000000004068c6                G_DeathMatchSpawnPlayer
                0x000000000040695f                G_DoReborn
                0x0000000000406a2b                G_ScreenShot
                0x0000000000406a36                G_ExitLevel
                0x0000000000406a49                G_SecretExitLevel
                0x0000000000406a8d                G_DoCompleted
                0x0000000000406d2f                G_WorldDone
                0x0000000000406d8f                G_DoWorldDone
                0x0000000000406dc2                G_LoadGame
                0x0000000000406de4                G_SaveGame
                0x0000000000406e09                G_DoSaveGame
                0x0000000000406f45                G_DeferedInitNew
                0x0000000000406f62                G_InitNew
                0x000000000040717d                G_DoLoadGame
                0x000000000040723c                G_DoNewGame
                0x00000000004072a4                G_RecordDemo
                0x0000000000407348                G_VanillaVersionCode
                0x0000000000407387                G_BeginRecording
                0x00000000004074e2                G_DeferedPlayDemo
                0x00000000004074f4                G_DoPlayDemo
                0x00000000004076f6                G_TimeDemo
                0x0000000000407738                G_CheckDemoStatus
                0x0000000000407872                G_ReadDemoTiccmd
                0x00000000004078fb                G_WriteDemoTiccmd
                0x0000000000407a44                G_Ticker
 .text          0x0000000000407d5b      0x4e9 build/hu_lib.o
                0x0000000000407d5b                HUlib_init
                0x0000000000407d5c                HUlib_clearTextLine
                0x0000000000407d6e                HUlib_initTextLine
                0x0000000000407d8d                HUlib_addCharToTextLine
                0x0000000000407dba                HUlib_delCharFromTextLine
                0x0000000000407dde                HUlib_drawTextLine
                0x0000000000407ea1                HUlib_eraseTextLine
                0x0000000000407f4f                HUlib_initSText
                0x0000000000407fbf                HUlib_addLineToSText
                0x000000000040800b                HUlib_addMessageToSText
                0x0000000000408066                HUlib_drawSText
                0x00000000004080b3                HUlib_eraseSText
                0x000000000040810f                HUlib_initIText
                0x0000000000408141                HUlib_delCharFromIText
                0x000000000040814f                HUlib_eraseLineFromIText
                0x000000000040816b                HUlib_resetIText
                0x0000000000408182                HUlib_addPrefixToIText
                0x00000000004081b1                HUlib_keyInIText
                0x00000000004081f6                HUlib_drawIText
                0x000000000040820a                HUlib_eraseIText
 .text          0x0000000000408244      0x6bf build/hu_stuff.o
                0x0000000000408244                HU_Init
                0x000000000040828d                HU_Stop
                0x0000000000408296                HU_Start
                0x000000000040843e                HU_Drawer
                0x000000000040846e                HU_Erase
                0x0000000000408491                HU_Ticker
                0x000000000040863c                HU_queueChatChar
                0x0000000000408672                HU_dequeueChatChar
                0x0000000000408699                HU_Responder
 .text          0x0000000000408903        0x1 build/i_endoom.o
                0x0000000000408903                I_Endoom
 .text          0x0000000000408904       0xc5 build/i_joystick.o
                0x0000000000408904                I_ShutdownJoystick
                0x0000000000408905                I_InitJoystick
                0x0000000000408906                I_UpdateJoystick
                0x0000000000408907                I_BindJoystickVariables
 .text          0x00000000004089c9      0x1cf build/i_sound.o
                0x00000000004089c9                I_InitSound
                0x0000000000408a13                I_ShutdownSound
                0x0000000000408a23                I_GetSfxLumpNum
                0x0000000000408a35                I_UpdateSound
                0x0000000000408a45                I_UpdateSoundParams
                0x0000000000408a77                I_StartSound
                0x0000000000408ab5                I_StopSound
                0x0000000000408ac5                I_SoundIsPlaying
                0x0000000000408ad7                I_PrecacheSounds
                0x0000000000408aef                I_InitMusic
                0x0000000000408af0                I_ShutdownMusic
                0x0000000000408af1                I_SetMusicVolume
                0x0000000000408af2                I_PauseSong
                0x0000000000408af3                I_ResumeSong
                0x0000000000408af4                I_RegisterSong
                0x0000000000408af7                I_UnRegisterSong
                0x0000000000408af8                I_PlaySong
                0x0000000000408af9                I_StopSong
                0x0000000000408afa                I_MusicIsPlaying
                0x0000000000408afd                I_BindSoundVariables
 .text          0x0000000000408b98      0x529 build/i_system.o
                0x0000000000408b98                I_AtExit
                0x0000000000408bcb                I_Tactile
                0x0000000000408bcc                I_PrintBanner
                0x0000000000408c10                I_PrintDivider
                0x0000000000408c36                I_PrintStartupBanner
                0x0000000000408c62                I_ConsoleStdout
                0x0000000000408c65                I_Quit
                0x0000000000408c83                I_Error
                0x0000000000408ea2                I_ZoneBase
                0x0000000000408f22                I_GetMemoryValue
 .text          0x00000000004090c1       0x5e build/i_timer.o
                0x00000000004090c1                I_GetTicks
                0x00000000004090c8                I_GetTime
                0x00000000004090f6                I_GetTimeMS
                0x0000000000409118                I_Sleep
                0x000000000040911d                I_WaitVBL
                0x000000000040911e                I_InitTimer
 .text          0x000000000040911f       0x98 build/m_argv.o
                0x000000000040911f                M_CheckParmWithArgs
                0x0000000000409172                M_CheckParm
                0x0000000000409176                M_ParmExists
                0x0000000000409189                M_FindResponseFile
                0x000000000040918a                M_GetExecutableName
 .text          0x00000000004091b7       0x3d build/m_bbox.o
                0x00000000004091b7                M_ClearBox
                0x00000000004091d2                M_AddToBox
 .text          0x00000000004091f4       0xa1 build/m_cheat.o
                0x00000000004091f4                cht_CheckCheat
                0x0000000000409284                cht_GetParam
 .text          0x0000000000409295      0x35f build/m_config.o
                0x0000000000409366                M_SetConfigFilenames
                0x0000000000409375                M_SaveDefaults
                0x0000000000409376                M_SaveDefaultsAlternate
                0x0000000000409377                M_LoadDefaults
                0x0000000000409437                M_BindVariable
                0x0000000000409454                M_SetVariable
                0x00000000004094ed                M_GetIntVariable
                0x0000000000409513                M_GetStrVariable
                0x000000000040953a                M_GetFloatVariable
                0x0000000000409561                M_SetConfigDir
                0x00000000004095a4                M_GetSaveGameDir
 .text          0x00000000004095f4      0x76b build/m_controls.o
                0x00000000004095f4                M_BindBaseControls
                0x000000000040978e                M_BindHereticControls
                0x000000000040981a                M_BindHexenControls
                0x00000000004098c4                M_BindStrifeControls
                0x00000000004099f5                M_BindWeaponControls
                0x0000000000409acc                M_BindMapControls
                0x0000000000409b85                M_BindMenuControls
                0x0000000000409d01                M_BindChatControls
                0x0000000000409d5e                M_ApplyPlatformDefaults
 .text          0x0000000000409d5f       0x44 build/m_fixed.o
                0x0000000000409d5f                FixedMul
                0x0000000000409d71                FixedDiv
 .text          0x0000000000409da3     0x1a49 build/m_menu.o
                0x0000000000409da3                M_ChangeMessages
                0x0000000000409de2                M_DrawReadThis2
                0x0000000000409e0c                M_DrawMainMenu
                0x0000000000409e32                M_DrawNewGame
                0x0000000000409e79                M_DrawEpisode
                0x0000000000409e9f                M_LoadSelect
                0x0000000000409ed9                M_SaveSelect
                0x0000000000409f3b                M_DrawReadThis1
                0x000000000040a004                M_SfxVol
                0x000000000040a03b                M_MusicVol
                0x000000000040a072                M_SizeDisplay
                0x000000000040a0c4                M_ChangeSensitivity
                0x000000000040a0ef                M_QuitResponse
                0x000000000040a143                M_ChangeDetail
                0x000000000040a19b                M_QuickLoadResponse
                0x000000000040a1c0                M_VerifyNightmare
                0x000000000040a1ef                M_EndGameResponse
                0x000000000040a217                M_ReadSaveStrings
                0x000000000040a2c8                M_DrawSaveLoadBorder
                0x000000000040a347                M_DoSave
                0x000000000040a380                M_QuickSaveResponse
                0x000000000040a3a5                M_DrawThermo
                0x000000000040a467                M_DrawSound
                0x000000000040a4cf                M_DrawOptions
                0x000000000040a5a4                M_DrawEmptyCell
                0x000000000040a5e1                M_DrawSelCell
                0x000000000040a61e                M_StartMessage
                0x000000000040a653                M_QuickLoad
                0x000000000040a6b7                M_EndGame
                0x000000000040a6f4                M_QuitDOOM
                0x000000000040a750                M_ChooseSkill
                0x000000000040a78a                M_StopMessage
                0x000000000040a79f                M_StringWidth
                0x000000000040a7f3                M_StringHeight
                0x000000000040a82e                M_WriteText
                0x000000000040a8a7                M_DrawLoad
                0x000000000040a915                M_DrawSave
                0x000000000040a9c9                M_StartControlPanel
                0x000000000040a9f5                M_Drawer
                0x000000000040abfc                M_ClearMenus
                0x000000000040ac05                M_SetupNextMenu
                0x000000000040ac17                M_LoadGame
                0x000000000040ac42                M_SaveGame
                0x000000000040ac77                M_QuickSave
                0x000000000040acfb                M_Responder
                0x000000000040b633                M_Sound
                0x000000000040b63d                M_NewGame
                0x000000000040b67e                M_Episode
                0x000000000040b6d2                M_Options
                0x000000000040b6dc                M_ReadThis
                0x000000000040b6e6                M_FinishReadThis
                0x000000000040b6f0                M_ReadThis2
                0x000000000040b711                M_Ticker
                0x000000000040b738                M_Init
 .text          0x000000000040b7ec      0x6e5 build/m_misc.o
                0x000000000040b7ec                M_MakeDirectory
                0x000000000040b7f6                M_FileExists
                0x000000000040b82b                M_FileLength
                0x000000000040b872                M_WriteFile
                0x000000000040b8c4                M_ReadFile
                0x000000000040b965                M_StrToInt
                0x000000000040b9d7                M_ExtractFileBase
                0x000000000040ba51                M_ForceUppercase
                0x000000000040ba73                M_StrCaseStr
                0x000000000040bae2                M_StringDuplicate
                0x000000000040bb1e                M_StringCopy
                0x000000000040bb56                M_StringReplace
                0x000000000040bc3e                M_StringConcat
                0x000000000040bc79                M_StringStartsWith
                0x000000000040bcbe                M_StringEndsWith
                0x000000000040bd05                M_StringJoin
                0x000000000040be08                M_TempFile
                0x000000000040be1e                M_vsnprintf
                0x000000000040be52                M_snprintf
 .text          0x000000000040bed1       0x41 build/m_random.o
                0x000000000040bed1                P_Random
                0x000000000040beea                M_Random
                0x000000000040bf03                M_ClearRandom
 .text          0x000000000040bf12      0x35b build/p_ceilng.o
                0x000000000040bf12                P_AddActiveCeiling
                0x000000000040bf34                P_RemoveActiveCeiling
                0x000000000040bf71                T_MoveCeiling
                0x000000000040c0ca                P_ActivateInStasisCeiling
                0x000000000040c100                EV_DoCeiling
                0x000000000040c22d                EV_CeilingCrushStop
 .text          0x000000000040c26d      0x6dd build/p_doors.o
                0x000000000040c26d                T_VerticalDoor
                0x000000000040c400                EV_DoDoor
                0x000000000040c589                EV_DoLockedDoor
                0x000000000040c62d                EV_VerticalDoor
                0x000000000040c87c                P_SpawnDoorCloseIn30
                0x000000000040c8d4                P_SpawnDoorRaiseIn5Mins
 .text          0x000000000040c94a     0x2033 build/p_enemy.o
                0x000000000040c94a                PIT_VileCheck
                0x000000000040c9f3                P_RecursiveSound
                0x000000000040caa6                P_NoiseAlert
                0x000000000040cac1                P_CheckMeleeRange
                0x000000000040cb22                P_CheckMissileRange
                0x000000000040cc00                P_Move
                0x000000000040cd20                P_TryWalk
                0x000000000040cd49                P_NewChaseDir
                0x000000000040cf72                P_LookForPlayers
                0x000000000040d087                A_KeenDie
                0x000000000040d0e8                A_Look
                0x000000000040d1b5                A_Chase
                0x000000000040d3b8                A_FaceTarget
                0x000000000040d417                A_PosAttack
                0x000000000040d49b                A_SPosAttack
                0x000000000040d53d                A_CPosAttack
                0x000000000040d5c1                A_CPosRefire
                0x000000000040d613                A_SpidRefire
                0x000000000040d665                A_BspiAttack
                0x000000000040d697                A_TroopAttack
                0x000000000040d709                A_SargAttack
                0x000000000040d75d                A_HeadAttack
                0x000000000040d7c2                A_CyberAttack
                0x000000000040d7f4                A_BruisAttack
                0x000000000040d85e                A_SkelMissile
                0x000000000040d8b7                A_Tracer
                0x000000000040da39                A_SkelWhoosh
                0x000000000040da64                A_SkelFist
                0x000000000040dad0                A_VileChase
                0x000000000040dc53                A_VileStart
                0x000000000040dc5d                A_Fire
                0x000000000040dd07                A_StartFire
                0x000000000040dd27                A_FireCrackle
                0x000000000040dd47                A_VileTarget
                0x000000000040dda0                A_VileAttack
                0x000000000040de95                A_FatRaise
                0x000000000040deb5                A_FatAttack1
                0x000000000040df53                A_FatAttack2
                0x000000000040dff1                A_FatAttack3
                0x000000000040e0e4                A_SkullAttack
                0x000000000040e19b                A_PainShootSkull
                0x000000000040e2bb                A_PainAttack
                0x000000000040e2e4                A_PainDie
                0x000000000040e327                A_Scream
                0x000000000040e393                A_XScream
                0x000000000040e39d                A_Pain
                0x000000000040e3b1                A_Fall
                0x000000000040e3b9                A_Explode
                0x000000000040e3ca                A_BossDeath
                0x000000000040e551                A_Hoof
                0x000000000040e571                A_Metal
                0x000000000040e591                A_BabyMetal
                0x000000000040e5b1                A_OpenShotgun2
                0x000000000040e5be                A_LoadShotgun2
                0x000000000040e5cb                A_CloseShotgun2
                0x000000000040e5f4                A_BrainAwake
                0x000000000040e653                A_BrainPain
                0x000000000040e65f                A_BrainScream
                0x000000000040e706                A_BrainExplode
                0x000000000040e793                A_BrainDie
                0x000000000040e798                A_BrainSpit
                0x000000000040e82d                A_SpawnFly
                0x000000000040e93a                A_SpawnSound
                0x000000000040e95a                A_PlayerScream
 .text          0x000000000040e97d      0x69e build/p_floor.o
                0x000000000040e97d                T_MovePlane
                0x000000000040eaa3                T_MoveFloor
                0x000000000040eb3d                EV_DoFloor
                0x000000000040ee79                EV_BuildStairs
 .text          0x000000000040f01b      0xe04 build/p_inter.o
                0x000000000040f01b                P_GiveAmmo
                0x000000000040f142                P_GiveWeapon
                0x000000000040f23a                P_GiveBody
                0x000000000040f264                P_GiveArmor
                0x000000000040f27a                P_GiveCard
                0x000000000040f299                P_GivePower
                0x000000000040f312                P_TouchSpecialThing
                0x000000000040f959                P_KillMobj
                0x000000000040fb1a                P_DamageMobj
 .text          0x000000000040fe1f      0x3e9 build/p_lights.o
                0x000000000040fe1f                T_StrobeFlash
                0x000000000040fe4a                T_Glow
                0x000000000040fe97                T_FireFlicker
                0x000000000040fed6                T_LightFlash
                0x000000000040ff1a                P_SpawnFireFlicker
                0x000000000040ff75                P_SpawnLightFlash
                0x000000000040ffe0                P_SpawnStrobeFlash
                0x000000000041006a                EV_StartLightStrobing
                0x00000000004100af                EV_TurnTagLightsOff
                0x000000000041012a                EV_LightTurnOn
                0x00000000004101a8                P_SpawnGlowingLight
 .text          0x0000000000410208     0x14ea build/p_map.o
                0x0000000000410208                PIT_StompThing
                0x000000000041027f                PIT_CheckLine
                0x000000000041043f                PIT_CheckThing
                0x00000000004105f3                PTR_SlideTraverse
                0x00000000004106ab                PTR_AimTraverse
                0x0000000000410814                PTR_ShootTraverse
                0x0000000000410ae4                PTR_UseTraverse
                0x0000000000410b50                PIT_RadiusAttack
                0x0000000000410bee                P_TeleportMove
                0x0000000000410d57                P_CheckPosition
                0x0000000000410efb                P_TryMove
                0x000000000041107b                P_ThingHeightClip
                0x00000000004110dd                PIT_ChangeSector
                0x00000000004111bf                P_HitSlideLine
                0x00000000004112a6                P_SlideMove
                0x0000000000411496                P_AimLineAttack
                0x0000000000411540                P_LineAttack
                0x00000000004115bc                P_UseLines
                0x0000000000411603                P_RadiusAttack
                0x0000000000411699                P_ChangeSector
 .text          0x00000000004116f2      0xa68 build/p_maputl.o
                0x000000000041179a                P_AproxDistance
                0x00000000004117b9                P_PointOnLineSide
                0x000000000041182b                P_BoxOnLineSide
                0x00000000004118ff                P_PointOnDivlineSide
                0x000000000041198b                P_MakeDivline
                0x00000000004119a5                P_InterceptVector
                0x0000000000411a20                PIT_AddLineIntercepts
                0x0000000000411b38                PIT_AddThingIntercepts
                0x0000000000411c1b                P_LineOpening
                0x0000000000411c5c                P_UnsetThingPosition
                0x0000000000411cf9                P_SetThingPosition
                0x0000000000411dab                P_BlockLinesIterator
                0x0000000000411e2c                P_BlockThingsIterator
                0x0000000000411e87                P_TraverseIntercepts
                0x0000000000411f05                P_PathTraverse
 .text          0x000000000041215a     0x10dc build/p_mobj.o
                0x000000000041215a                P_SpawnMobj
                0x000000000041228d                P_RemoveMobj
                0x0000000000412322                P_SetMobjState
                0x00000000004123a2                P_ExplodeMissile
                0x0000000000412416                P_ZMovement
                0x000000000041259f                P_XYMovement
                0x00000000004127ee                P_NightmareRespawn
                0x000000000041290e                P_MobjThinker
                0x00000000004129d1                P_RespawnSpecials
                0x0000000000412b04                P_SpawnPlayer
                0x0000000000412c40                P_SpawnMapThing
                0x0000000000412e36                P_SpawnPuff
                0x0000000000412ec4                P_SpawnBlood
                0x0000000000412f68                P_CheckMissileSpawn
                0x0000000000412fce                P_SubstNullMobj
                0x0000000000412ff3                P_SpawnMissile
                0x000000000041310b                P_SpawnPlayerMissile
 .text          0x0000000000413236      0x411 build/p_plats.o
                0x0000000000413236                P_ActivateInStasis
                0x0000000000413268                EV_StopPlat
                0x00000000004132a2                P_AddActivePlat
                0x00000000004132cf                EV_DoPlat
                0x00000000004134c5                P_RemoveActivePlat
                0x0000000000413510                T_PlatRaise
 .text          0x0000000000413647      0xbdd build/p_pspr.o
                0x0000000000413665                P_SetPsprite
                0x0000000000413717                P_CalcSwing
                0x0000000000413767                P_BringUpWeapon
                0x00000000004137c9                P_CheckAmmo
                0x00000000004138f6                P_FireWeapon
                0x000000000041393e                P_DropWeapon
                0x0000000000413952                A_WeaponReady
                0x0000000000413a64                A_ReFire
                0x0000000000413a91                A_CheckReload
                0x0000000000413a96                A_Lower
                0x0000000000413ad4                A_Raise
                0x0000000000413b02                A_GunFlash
                0x0000000000413b35                A_Punch
                0x0000000000413beb                A_Saw
                0x0000000000413cec                A_FireMissile
                0x0000000000413d15                A_FireBFG
                0x0000000000413d3e                A_FirePlasma
                0x0000000000413d90                P_BulletSlope
                0x0000000000413e00                P_GunShot
                0x0000000000413e6a                A_FirePistol
                0x0000000000413ed7                A_FireShotgun
                0x0000000000413f47                A_FireShotgun2
                0x0000000000414027                A_FireCGun
                0x00000000004140cf                A_Light0
                0x00000000004140d8                A_Light1
                0x00000000004140e3                A_Light2
                0x00000000004140ee                A_BFGSpray
                0x0000000000414191                A_BFGsound
                0x000000000041419e                P_SetupPsprites
                0x00000000004141bc                P_MovePsprites
 .text          0x0000000000414224     0x1766 build/p_saveg.o
                0x0000000000414481                P_TempSaveGameFile
                0x00000000004144bc                P_SaveGameFile
                0x000000000041453e                P_WriteSaveGameHeader
                0x0000000000414621                P_ReadSaveGameHeader
                0x0000000000414711                P_ReadSaveGameEOF
                0x0000000000414724                P_WriteSaveGameEOF
                0x000000000041472e                P_ArchivePlayers
                0x00000000004149f3                P_UnArchivePlayers
                0x0000000000414cbe                P_ArchiveWorld
                0x0000000000414dc8                P_UnArchiveWorld
                0x0000000000414ee1                P_ArchiveThinkers
                0x00000000004150ce                P_UnArchiveThinkers
                0x000000000041535f                P_ArchiveSpecials
                0x00000000004155c5                P_UnArchiveSpecials
 .text          0x000000000041598a      0xd2e build/p_setup.o
                0x000000000041598a                P_LoadVertexes
                0x0000000000415a01                GetSectorAtNullAddress
                0x0000000000415a5b                P_LoadSegs
                0x0000000000415ba0                P_LoadSubsectors
                0x0000000000415c31                P_LoadSectors
                0x0000000000415d1e                P_LoadNodes
                0x0000000000415df0                P_LoadThings
                0x0000000000415e9d                P_LoadLineDefs
                0x0000000000416025                P_LoadSideDefs
                0x0000000000416109                P_LoadBlockMap
                0x00000000004161a5                P_GroupLines
                0x00000000004163e9                P_SetupLevel
                0x000000000041669f                P_Init
 .text          0x00000000004166b8      0x417 build/p_sight.o
                0x00000000004166b8                P_DivlineSide
                0x0000000000416720                P_InterceptVector2
                0x000000000041679b                P_CrossSubsector
                0x0000000000416966                P_CrossBSPNode
                0x0000000000416a00                P_CheckSight
 .text          0x0000000000416acf      0xda9 build/p_spec.o
                0x0000000000416acf                P_InitPicAnims
                0x0000000000416bba                getSide
                0x0000000000416be8                getSector
                0x0000000000416c1a                twoSided
                0x0000000000416c3a                getNextSector
                0x0000000000416c50                P_FindLowestFloorSurrounding
                0x0000000000416c90                P_FindHighestFloorSurrounding
                0x0000000000416cd3                P_FindNextHighestFloor
                0x0000000000416d8c                P_FindLowestCeilingSurrounding
                0x0000000000416dd0                P_FindHighestCeilingSurrounding
                0x0000000000416e11                P_FindSectorFromLineTag
                0x0000000000416e47                P_FindMinSurroundingLight
                0x0000000000416e89                P_CrossSpecialLine
                0x00000000004171ee                P_ShootSpecialLine
                0x0000000000417262                P_PlayerInSpecialSector
                0x000000000041734f                P_UpdateSpecials
                0x00000000004174b0                EV_DoDonut
                0x00000000004176d8                P_SpawnSpecials
 .text          0x0000000000417878      0x571 build/p_switch.o
                0x0000000000417878                P_InitSwitchList
                0x000000000041791c                P_StartButton
                0x0000000000417998                P_ChangeSwitchTexture
                0x0000000000417b06                P_UseSpecialLine
 .text          0x0000000000417de9      0x19b build/p_telept.o
                0x0000000000417de9                EV_Teleport
 .text          0x0000000000417f84      0x10e build/p_tick.o
                0x0000000000417f84                P_InitThinkers
                0x0000000000417f9b                P_AddThinker
                0x0000000000417fb9                P_RemoveThinker
                0x0000000000417fc2                P_AllocateThinker
                0x0000000000417fc3                P_RunThinkers
                0x000000000041800f                P_Ticker
 .text          0x0000000000418092      0x4a9 build/p_user.o
                0x0000000000418092                P_Thrust
                0x00000000004180df                P_CalcHeight
                0x00000000004181e2                P_MovePlayer
                0x0000000000418274                P_DeathThink
                0x0000000000418343                P_PlayerThink
 .text          0x000000000041853b      0x550 build/r_bsp.o
                0x000000000041853b                R_ClearDrawSegs
                0x0000000000418547                R_ClipSolidWallSegment
                0x0000000000418652                R_ClipPassWallSegment
                0x00000000004186b6                R_ClearClipSegs
                0x00000000004186e3                R_AddLine
                0x00000000004187fb                R_CheckBBox
                0x0000000000418929                R_Subsector
                0x00000000004189f4                R_RenderBSPNode
 .text          0x0000000000418a8b      0xd97 build/r_data.o
                0x0000000000418a8b                R_DrawColumnInCache
                0x0000000000418ad9                R_GenerateComposite
                0x0000000000418bf6                R_GenerateLookup
                0x0000000000418d8a                R_GetColumn
                0x0000000000418dfe                R_InitTextures
                0x0000000000419311                R_InitFlats
                0x0000000000419376                R_InitSpriteLumps
                0x0000000000419471                R_InitColormaps
                0x0000000000419494                R_InitData
                0x00000000004194c8                R_FlatNumForName
                0x000000000041950c                R_CheckTextureNumForName
                0x0000000000419565                R_TextureNumForName
                0x0000000000419590                R_PrecacheLevel
 .text          0x0000000000419822      0xb65 build/r_draw.o
                0x0000000000419822                R_DrawColumn
                0x00000000004198d6                R_DrawColumnLow
                0x00000000004199ab                R_DrawFuzzColumn
                0x0000000000419a8b                R_DrawFuzzColumnLow
                0x0000000000419bac                R_DrawTranslatedColumn
                0x0000000000419c6b                R_DrawTranslatedColumnLow
                0x0000000000419d70                R_InitTranslationTables
                0x0000000000419e08                R_DrawSpan
                0x0000000000419ee1                R_DrawSpanLow
                0x0000000000419fe7                R_InitBuffer
                0x000000000041a04d                R_FillBackScreen
                0x000000000041a2b7                R_VideoErase
                0x000000000041a2db                R_DrawViewBorder
 .text          0x000000000041a387      0x945 build/r_main.o
                0x000000000041a387                R_AddPointToBox
                0x000000000041a3a6                R_PointOnSide
                0x000000000041a426                R_PointOnSegSide
                0x000000000041a4b9                R_PointToAngle
                0x000000000041a5d6                R_PointToAngle2
                0x000000000041a5f1                R_PointToDist
                0x000000000041a653                R_InitPointToAngle
                0x000000000041a654                R_ScaleFromGlobalAngle
                0x000000000041a6db                R_InitTables
                0x000000000041a6dc                R_InitTextureMapping
                0x000000000041a7ea                R_InitLightTables
                0x000000000041a870                R_SetViewSize
                0x000000000041a887                R_ExecuteSetViewSize
                0x000000000041aada                R_Init
                0x000000000041ab5f                R_PointInSubsector
                0x000000000041abc7                R_SetupFrame
                0x000000000041ac82                R_RenderPlayerView
 .text          0x000000000041accc      0x644 build/r_plane.o
                0x000000000041accc                R_InitPlanes
                0x000000000041accd                R_MapPlane
                0x000000000041ae5f                R_ClearPlanes
                0x000000000041af09                R_FindPlane
                0x000000000041afac                R_CheckPlane
                0x000000000041b039                R_MakeSpans
                0x000000000041b0f0                R_DrawPlanes
 .text          0x000000000041b310      0xd8d build/r_segs.o
                0x000000000041b310                R_RenderMaskedSegRange
                0x000000000041b528                R_RenderSegLoop
                0x000000000041b845                R_StoreWallRange
 .text          0x000000000041c09d        0xb build/r_sky.o
                0x000000000041c09d                R_InitSkyMap
 .text          0x000000000041c0a8      0xece build/r_things.o
                0x000000000041c0a8                R_InstallSpriteLump
                0x000000000041c1fe                R_InitSpriteDefs
                0x000000000041c442                R_InitSprites
                0x000000000041c45e                R_ClearSprites
                0x000000000041c46a                R_NewVisSprite
                0x000000000041c48b                R_DrawMaskedColumn
                0x000000000041c55a                R_DrawVisSprite
                0x000000000041c67e                R_ProjectSprite
                0x000000000041c923                R_AddSprites
                0x000000000041c989                R_DrawPSprite
                0x000000000041cb66                R_DrawPlayerSprites
                0x000000000041cbfc                R_SortVisSprites
                0x000000000041cce2                R_DrawSprite
                0x000000000041cefc                R_DrawMasked
 .text          0x000000000041cf76     0x1677 build/sha1.o
                0x000000000041e396                SHA1_Init
                0x000000000041e3c0                SHA1_Update
                0x000000000041e4a2                SHA1_Final
                0x000000000041e5a0                SHA1_UpdateInt32
                0x000000000041e5bd                SHA1_UpdateString
 .text          0x000000000041e5ed       0x4c build/statdump.o
                0x000000000041e5ed                StatCopy
                0x000000000041e638                StatDump
 .text          0x000000000041e639      0x3c3 build/st_lib.o
                0x000000000041e639                STlib_init
                0x000000000041e655                STlib_initNum
                0x000000000041e677                STlib_drawNum
                0x000000000041e7c4                STlib_updateNum
                0x000000000041e7d3                STlib_initPercent
                0x000000000041e7fa                STlib_updatePercent
                0x000000000041e82e                STlib_initMultIcon
                0x000000000041e847                STlib_updateMultIcon
                0x000000000041e91e                STlib_initBinIcon
                0x000000000041e935                STlib_updateBinIcon
 .text          0x000000000041e9fc     0x12c0 build/st_stuff.o
                0x000000000041ec86                ST_refreshBackground
                0x000000000041ecf9                ST_Responder
                0x000000000041f1a9                ST_calcPainOffset
                0x000000000041f1e8                ST_updateFaceWidget
                0x000000000041f4b6                ST_updateWidgets
                0x000000000041f58f                ST_Ticker
                0x000000000041f5bb                ST_doPaletteStuff
                0x000000000041f686                ST_drawWidgets
                0x000000000041f77e                ST_doRefresh
                0x000000000041f79a                ST_diffDraw
                0x000000000041f7a1                ST_Drawer
                0x000000000041f7e5                ST_loadGraphics
                0x000000000041f7ef                ST_loadData
                0x000000000041f806                ST_unloadGraphics
                0x000000000041f810                ST_unloadData
                0x000000000041f812                ST_initData
                0x000000000041f899                ST_createWidgets
                0x000000000041fc41                ST_Stop
                0x000000000041fc73                ST_Start
                0x000000000041fc99                ST_Init
 .text          0x000000000041fcbc      0x70a build/s_sound.o
                0x000000000041fcbc                S_Shutdown
                0x000000000041fe0e                S_StopSound
                0x000000000041fe3e                S_StartSound
                0x0000000000420011                S_PauseSound
                0x000000000042003a                S_ResumeSound
                0x0000000000420061                S_UpdateSounds
                0x000000000042012e                S_SetMusicVolume
                0x0000000000420153                S_SetSfxVolume
                0x0000000000420178                S_Init
                0x0000000000420214                S_MusicPlaying
                0x0000000000420219                S_StopMusic
                0x0000000000420270                S_ChangeMusic
                0x0000000000420338                S_Start
                0x00000000004203bf                S_StartMusic
 .text          0x00000000004203c6       0x26 build/tables.o
                0x00000000004203c6                SlopeDiv
 .text          0x00000000004203ec      0xbe1 build/v_video.o
                0x00000000004203ec                V_MarkRect
                0x000000000042043d                V_CopyRect
                0x0000000000420512                V_SetPatchClipCallback
                0x000000000042051a                V_DrawPatch
                0x0000000000420631                V_DrawPatchFlipped
                0x0000000000420735                V_DrawPatchDirect
                0x000000000042073a                V_DrawTLPatch
                0x0000000000420814                V_DrawXlaPatch
                0x00000000004208dd                V_DrawAltTLPatch
                0x00000000004209b7                V_DrawShadowedPatch
                0x0000000000420ac9                V_LoadTintTable
                0x0000000000420ae5                V_LoadXlaTable
                0x0000000000420b01                V_DrawBlock
                0x0000000000420b92                V_DrawFilledBox
                0x0000000000420bcd                V_DrawHorizLine
                0x0000000000420bf2                V_DrawVertLine
                0x0000000000420c1e                V_DrawBox
                0x0000000000420c60                V_DrawRawScreen
                0x0000000000420c72                V_Init
                0x0000000000420c73                V_UseBuffer
                0x0000000000420c7b                V_RestoreBuffer
                0x0000000000420c8a                WritePCXfile
                0x0000000000420d95                V_ScreenShot
                0x0000000000420e13                V_DrawMouseSpeedBox
 .text          0x0000000000420fcd     0x1b5c build/wi_stuff.o
                0x0000000000421344                WI_slamBackground
                0x0000000000421354                WI_Responder
                0x0000000000421357                WI_drawLF
                0x0000000000421425                WI_drawEL
                0x0000000000421499                WI_drawOnLnode
                0x0000000000421579                WI_initAnimatedBack
                0x0000000000421627                WI_updateAnimatedBack
                0x000000000042170b                WI_drawAnimatedBack
                0x0000000000421769                WI_drawNum
                0x0000000000421832                WI_drawPercent
                0x000000000042186e                WI_drawTime
                0x0000000000421924                WI_initNoState
                0x0000000000421941                WI_updateNoState
                0x000000000042195a                WI_initShowNextLoc
                0x000000000042197b                WI_updateShowNextLoc
                0x00000000004219b4                WI_drawShowNextLoc
                0x0000000000421a68                WI_drawNoState
                0x0000000000421a77                WI_fragSum
                0x0000000000421aa9                WI_initDeathmatchStats
                0x0000000000421b13                WI_updateDeathmatchStats
                0x0000000000421cf1                WI_drawDeathmatchStats
                0x0000000000421ee6                WI_initNetgameStats
                0x0000000000421f71                WI_updateNetgameStats
                0x0000000000422288                WI_drawNetgameStats
                0x00000000004224e5                WI_initStats
                0x000000000042253e                WI_updateStats
                0x00000000004227c1                WI_drawStats
                0x00000000004228d9                WI_checkForAccelerate
                0x000000000042294e                WI_Ticker
                0x00000000004229cb                WI_loadData
                0x0000000000422a40                WI_unloadData
                0x0000000000422a4a                WI_End
                0x0000000000422a4c                WI_Drawer
                0x0000000000422a8b                WI_initVariables
                0x0000000000422af7                WI_Start
 .text          0x0000000000422b29      0x12f build/w_checksum.o
                0x0000000000422b29                W_Checksum
 .text          0x0000000000422c58       0x2e build/w_file.o
                0x0000000000422c58                W_OpenFile
                0x0000000000422c7a                W_CloseFile
                0x0000000000422c80                W_Read
 .text          0x0000000000422c86       0x78 build/w_main.o
                0x0000000000422c86                W_ParseCommandLine
 .text          0x0000000000422cfe      0x657 build/w_wad.o
                0x0000000000422cfe                W_LumpNameHash
                0x0000000000422d3f                W_AddFile
                0x0000000000422faa                W_NumLumps
                0x0000000000422fb1                W_CheckNumForName
                0x000000000042304f                W_GetNumForName
                0x000000000042307a                W_LumpLength
                0x00000000004230aa                W_ReadLump
                0x000000000042311a                W_CacheLumpNum
                0x00000000004231ba                W_CacheLumpName
                0x00000000004231d5                W_ReleaseLumpNum
                0x000000000042322b                W_ReleaseLumpName
                0x0000000000423239                W_GenerateHashTable
                0x00000000004232cd                W_CheckCorrectIWAD
 .text          0x0000000000423355      0x57c build/z_zone.o
                0x0000000000423355                Z_ClearZone
                0x000000000042338c                Z_Init
                0x00000000004233df                Z_Free
                0x000000000042348f                Z_Malloc
                0x00000000004235b6                Z_FreeTags
                0x0000000000423611                Z_DumpHeap
                0x00000000004236de                Z_FileDumpHeap
                0x0000000000423795                Z_CheckHeap
                0x000000000042380d                Z_ChangeTag2
                0x000000000042386a                Z_ChangeUser
                0x0000000000423899                Z_FreeMemory
                0x00000000004238c7                Z_ZoneSize
 .text          0x00000000004238d1       0xb1 build/w_file_stdc.o
                0x00000000004238d1                W_StdC_Read
 .text          0x0000000000423982       0xa0 build/i_input.o
                0x0000000000423982                I_GetEvent
                0x0000000000423a21                I_InitInput
 .text          0x0000000000423a22      0x430 build/i_video.o
                0x0000000000423a22                cmap_to_rgb565
                0x0000000000423a82                cmap_to_fb
                0x0000000000423b3c                I_InitGraphics
                0x0000000000423cbf                I_ShutdownGraphics
                0x0000000000423ccb                I_StartFrame
                0x0000000000423ccc                I_StartTic
                0x0000000000423cd1                I_UpdateNoBlit
                0x0000000000423cd2                I_FinishUpdate
                0x0000000000423d84                I_ReadScreen
                0x0000000000423d93                I_SetPalette
                0x0000000000423def                I_GetPaletteIndex
                0x0000000000423e45                I_BeginRead
                0x0000000000423e46                I_EndRead
                0x0000000000423e47                I_SetWindowTitle
                0x0000000000423e4c                I_GraphicsCheckCommandLine
                0x0000000000423e4d                I_SetGrabMouseCallback
                0x0000000000423e4e                I_EnableLoadingDisk
                0x0000000000423e4f                I_BindVideoVariables
                0x0000000000423e50                I_DisplayFPSDots
                0x0000000000423e51                I_CheckIsScreensaver
 .text          0x0000000000423e52       0x34 build/doomgeneric.o
                0x0000000000423e52                doomgeneric_Create
 .text          0x0000000000423e86      0x106 build/doomgeneric_umbra.o
                0x0000000000423e86                DG_Init
                0x0000000000423e87                DG_DrawFrame
                0x0000000000423f31                DG_SleepMs
                0x0000000000423f3c                DG_GetTicksMs
                0x0000000000423f6a                DG_GetKey
                0x0000000000423f8b                DG_SetWindowTitle
 *(.gnu.warning)

.fini           0x0000000000423f8c        0x3
 *(SORT_NONE(.fini))
 .fini          0x0000000000423f8c        0x0 /mnt/c/dev/umbra-os/sysroot/lib/gcc/x86_64-umbra/13.2.0/crti.o
                0x0000000000423f8c                _fini
 .fini          0x0000000000423f8c        0x3 /mnt/c/dev/umbra-os/sysroot/lib/gcc/x86_64-umbra/13.2.0/crtn.o
                [!provide]                        PROVIDE (__etext = .)
                [!provide]                        PROVIDE (_etext = .)
                [!provide]                        PROVIDE (etext = .)

.rodata         0x0000000000423fa0    0x19040
 *(.rodata .rodata.* .gnu.linkonce.r.*)
 .rodata.str1.1
                0x0000000000423fa0     0x6eb1 build/am_map.o
                                         0x67 (size before relaxing)
 *fill*         0x000000000042ae51        0xf 
 .rodata        0x000000000042ae60       0x40 build/am_map.o
 .rodata.str1.1
                0x000000000042aea0      0x328 build/dstrings.o
 .rodata.str1.1
                0x000000000042aea0      0x1d3 build/d_iwad.o
 .rodata        0x000000000042aea0      0x150 build/d_iwad.o
 .rodata.str1.1
                0x000000000042aff0       0x6e build/d_loop.o
 .rodata.str1.1
                0x000000000042aff0      0x995 build/d_main.o
 *fill*         0x000000000042aff0       0x10 
 .rodata        0x000000000042b000      0x230 build/d_main.o
 .rodata.str1.1
                0x000000000042b230       0x3c build/d_mode.o
 *fill*         0x000000000042b230       0x10 
 .rodata        0x000000000042b240      0x190 build/d_mode.o
 .rodata.str1.1
                0x000000000042b3d0      0x16d build/d_net.o
 .rodata.str1.1
                0x000000000042b3d0     0x1f08 build/f_finale.o
 *fill*         0x000000000042b3d0       0x10 
 .rodata        0x000000000042b3e0       0x30 build/f_wipe.o
 .rodata.str1.1
                0x000000000042b410      0x369 build/g_game.o
 *fill*         0x000000000042b410       0x10 
 .rodata        0x000000000042b420      0x140 build/g_game.o
 .rodata.cst4   0x000000000042b560        0x8 build/g_game.o
                                          0x4 (size before relaxing)
 .rodata.str1.1
                0x000000000042b568      0xc0f build/hu_stuff.o
 .rodata.str1.1
                0x000000000042b568      0x2b2 build/info.o
 .rodata.str1.1
                0x000000000042b568       0xa7 build/i_joystick.o
 .rodata.str1.1
                0x000000000042b568       0x9f build/i_sound.o
 .rodata.str1.1
                0x000000000042b568      0x211 build/i_system.o
 .rodata        0x000000000042b568       0x2a build/i_system.o
 .rodata.str1.1
                0x000000000042b592      0xc1c build/m_config.o
 *fill*         0x000000000042b592        0xe 
 .rodata        0x000000000042b5a0      0x200 build/m_config.o
 .rodata.str1.1
                0x000000000042b7a0      0x630 build/m_controls.o
 .rodata.str1.1
                0x000000000042b7a0      0x40f build/m_menu.o
 .rodata        0x000000000042b7a0       0x20 build/m_menu.o
 .rodata.str1.1
                0x000000000042b7c0       0xec build/m_misc.o
 .rodata        0x000000000042b7c0      0x100 build/m_random.o
 .rodata        0x000000000042b8c0       0x60 build/p_ceilng.o
 .rodata        0x000000000042b920       0x80 build/p_doors.o
 .rodata.str1.1
                0x000000000042b9a0      0x137 build/p_doors.o
 .rodata.str1.1
                0x000000000042b9a0       0x3b build/p_enemy.o
 .rodata        0x000000000042b9a0       0x68 build/p_floor.o
 .rodata.str1.1
                0x000000000042ba08      0x3d7 build/p_inter.o
 .rodata        0x000000000042ba08      0x168 build/p_inter.o
 .rodata.str1.1
                0x000000000042bb70       0x72 build/p_map.o
 *fill*         0x000000000042bb70       0x10 
 .rodata        0x000000000042bb80      0x228 build/p_maputl.o
 .rodata.str1.1
                0x000000000042bda8       0x2d build/p_mobj.o
 .rodata.str1.1
                0x000000000042bda8       0x45 build/p_plats.o
 .rodata        0x000000000042bda8       0x28 build/p_plats.o
 .rodata.str1.1
                0x000000000042bdd0       0xe1 build/p_saveg.o
 .rodata        0x000000000042bdd0       0x40 build/p_saveg.o
 .rodata.str1.1
                0x000000000042be10       0x5a build/p_setup.o
 .rodata.str1.1
                0x000000000042be10       0x28 build/p_sight.o
 .rodata.str1.1
                0x000000000042be10      0x242 build/p_spec.o
 .rodata        0x000000000042be10      0x550 build/p_spec.o
 .rodata.str1.1
                0x000000000042c360       0x25 build/p_switch.o
 .rodata        0x000000000042c360      0x418 build/p_switch.o
 .rodata.str1.1
                0x000000000042c778       0x23 build/r_bsp.o
 .rodata.str1.1
                0x000000000042c778      0x12e build/r_data.o
 .rodata.str1.1
                0x000000000042c778       0xa6 build/r_draw.o
 .rodata.str1.1
                0x000000000042c778       0xa6 build/r_plane.o
 .rodata.str1.1
                0x000000000042c778       0x20 build/r_segs.o
 .rodata.str1.1
                0x000000000042c778      0x1d2 build/r_things.o
 .rodata.str1.1
                0x000000000042c778      0x191 build/sounds.o
 .rodata.str1.1
                0x000000000042c778        0xa build/statdump.o
 .rodata.str1.1
                0x000000000042c778       0x5b build/st_lib.o
 .rodata.str1.1
                0x000000000042c778      0x1b9 build/st_stuff.o
 .rodata.str1.1
                0x000000000042c778       0x69 build/s_sound.o
 *fill*         0x000000000042c778        0x8 
 .rodata        0x000000000042c780       0x24 build/s_sound.o
 *fill*         0x000000000042c7a4       0x1c 
 .rodata        0x000000000042c7c0    0x10520 build/tables.o
                0x000000000042c7c0                gammatable
                0x000000000042ccc0                tantoangle
                0x000000000042ece0                finesine
                0x0000000000438ce0                finetangent
 .rodata.str1.1
                0x000000000043cce0      0x108 build/v_video.o
 .rodata.cst4   0x000000000043cce0        0x4 build/v_video.o
 .rodata.cst16  0x000000000043cce0       0x10 build/v_video.o
 .rodata.cst8   0x000000000043ccf0        0x8 build/v_video.o
 .rodata.str1.1
                0x000000000043ccf8      0x10b build/wi_stuff.o
 *fill*         0x000000000043ccf8        0x8 
 .rodata        0x000000000043cd00      0x220 build/wi_stuff.o
 .rodata.str1.1
                0x000000000043cf20        0x6 build/w_file.o
 .rodata.str1.1
                0x000000000043cf20       0x12 build/w_main.o
 .rodata.str1.1
                0x000000000043cf20      0x1d6 build/w_wad.o
 .rodata        0x000000000043cf20       0x40 build/w_wad.o
 .rodata.str1.1
                0x000000000043cf60      0x323 build/z_zone.o
 .rodata.str1.1
                0x000000000043cf60        0x3 build/w_file_stdc.o
 .rodata        0x000000000043cf60       0x80 build/i_input.o
 .rodata.str1.1
                0x000000000043cfe0      0x15b build/i_video.o

.rodata1
 *(.rodata1)

.eh_frame_hdr   0x000000000043cfe0     0x1a7c
 *(.eh_frame_hdr)
 .eh_frame_hdr  0x000000000043cfe0     0x1a7c build/dummy.o
                0x000000000043cfe0                __GNU_EH_FRAME_HDR
 *(.eh_frame_entry .eh_frame_entry.*)

.eh_frame       0x000000000043ea60     0x6e38
 *(.eh_frame)
 .eh_frame      0x000000000043ea60       0x40 /mnt/c/dev/umbra-os/sysroot/usr/lib/crt0.o
 .eh_frame      0x000000000043eaa0       0x18 /mnt/c/dev/umbra-os/sysroot/usr/lib/crt0.o
                                         0x30 (size before relaxing)
 .eh_frame      0x000000000043eab8        0x0 /mnt/c/dev/umbra-os/sysroot/lib/gcc/x86_64-umbra/13.2.0/crtbegin.o
 .eh_frame      0x000000000043eab8        0x0 build/dummy.o
                                         0x30 (size before relaxing)
 .eh_frame      0x000000000043eab8      0x488 build/am_map.o
                                        0x4a0 (size before relaxing)
 .eh_frame      0x000000000043ef40       0x28 build/d_event.o
                                         0x40 (size before relaxing)
 .eh_frame      0x000000000043ef68      0x120 build/d_iwad.o
                                        0x138 (size before relaxing)
 .eh_frame      0x000000000043f088      0x148 build/d_loop.o
                                        0x160 (size before relaxing)
 .eh_frame      0x000000000043f1d0      0x208 build/d_main.o
                                        0x220 (size before relaxing)
 .eh_frame      0x000000000043f3d8       0x88 build/d_mode.o
                                         0xa0 (size before relaxing)
 .eh_frame      0x000000000043f460       0x70 build/d_net.o
                                         0x88 (size before relaxing)
 .eh_frame      0x000000000043f4d0      0x198 build/f_finale.o
                                        0x1b0 (size before relaxing)
 .eh_frame      0x000000000043f668      0x150 build/f_wipe.o
                                        0x168 (size before relaxing)
 .eh_frame      0x000000000043f7b8      0x468 build/g_game.o
                                        0x480 (size before relaxing)
 .eh_frame      0x000000000043fc20      0x230 build/hu_lib.o
                                        0x248 (size before relaxing)
 .eh_frame      0x000000000043fe50      0x118 build/hu_stuff.o
                                        0x130 (size before relaxing)
 .eh_frame      0x000000000043ff68        0x0 build/i_cdmus.o
                                         0xd0 (size before relaxing)
 .eh_frame      0x000000000043ff68       0x18 build/i_endoom.o
                                         0x30 (size before relaxing)
 .eh_frame      0x000000000043ff80       0x60 build/i_joystick.o
                                         0x78 (size before relaxing)
 .eh_frame      0x000000000043ffe0        0x0 build/i_scale.o
                                        0x3e8 (size before relaxing)
 .eh_frame      0x000000000043ffe0      0x1b0 build/i_sound.o
                                        0x1c8 (size before relaxing)
 .eh_frame      0x0000000000440190      0x150 build/i_system.o
                                        0x168 (size before relaxing)
 .eh_frame      0x00000000004402e0       0x90 build/i_timer.o
                                         0xa8 (size before relaxing)
 .eh_frame      0x0000000000440370        0x0 build/memio.o
                                        0x110 (size before relaxing)
 .eh_frame      0x0000000000440370       0x98 build/m_argv.o
                                         0xb0 (size before relaxing)
 .eh_frame      0x0000000000440408       0x28 build/m_bbox.o
                                         0x40 (size before relaxing)
 .eh_frame      0x0000000000440430       0x40 build/m_cheat.o
                                         0x58 (size before relaxing)
 .eh_frame      0x0000000000440470      0x1b8 build/m_config.o
                                        0x1d0 (size before relaxing)
 .eh_frame      0x0000000000440628      0x118 build/m_controls.o
                                        0x130 (size before relaxing)
 .eh_frame      0x0000000000440740       0x28 build/m_fixed.o
                                         0x40 (size before relaxing)
 .eh_frame      0x0000000000440768      0x650 build/m_menu.o
                                        0x668 (size before relaxing)
 .eh_frame      0x0000000000440db8      0x2b8 build/m_misc.o
                                        0x2d0 (size before relaxing)
 .eh_frame      0x0000000000441070       0x40 build/m_random.o
                                         0x58 (size before relaxing)
 .eh_frame      0x00000000004410b0       0xb8 build/p_ceilng.o
                                         0xd0 (size before relaxing)
 .eh_frame      0x0000000000441168      0x100 build/p_doors.o
                                        0x118 (size before relaxing)
 .eh_frame      0x0000000000441268      0x930 build/p_enemy.o
                                        0x948 (size before relaxing)
 .eh_frame      0x0000000000441b98       0xb0 build/p_floor.o
                                         0xc8 (size before relaxing)
 .eh_frame      0x0000000000441c48      0x170 build/p_inter.o
                                        0x188 (size before relaxing)
 .eh_frame      0x0000000000441db8      0x188 build/p_lights.o
                                        0x1a0 (size before relaxing)
 .eh_frame      0x0000000000441f40      0x308 build/p_map.o
                                        0x320 (size before relaxing)
 .eh_frame      0x0000000000442248      0x250 build/p_maputl.o
                                        0x268 (size before relaxing)
 .eh_frame      0x0000000000442498      0x2e8 build/p_mobj.o
                                        0x300 (size before relaxing)
 .eh_frame      0x0000000000442780       0xc8 build/p_plats.o
                                         0xe0 (size before relaxing)
 .eh_frame      0x0000000000442848      0x3e0 build/p_pspr.o
                                        0x3f8 (size before relaxing)
 .eh_frame      0x0000000000442c28      0x378 build/p_saveg.o
                                        0x390 (size before relaxing)
 .eh_frame      0x0000000000442fa0      0x200 build/p_setup.o
                                        0x218 (size before relaxing)
 .eh_frame      0x00000000004431a0       0xb0 build/p_sight.o
                                         0xc8 (size before relaxing)
 .eh_frame      0x0000000000443250      0x298 build/p_spec.o
                                        0x2b0 (size before relaxing)
 .eh_frame      0x00000000004434e8       0x98 build/p_switch.o
                                         0xb0 (size before relaxing)
 .eh_frame      0x0000000000443580       0x38 build/p_telept.o
                                         0x50 (size before relaxing)
 .eh_frame      0x00000000004435b8       0xa0 build/p_tick.o
                                         0xb8 (size before relaxing)
 .eh_frame      0x0000000000443658       0xc8 build/p_user.o
                                         0xe0 (size before relaxing)
 .eh_frame      0x0000000000443720      0x138 build/r_bsp.o
                                        0x150 (size before relaxing)
 .eh_frame      0x0000000000443858      0x1e8 build/r_data.o
                                        0x200 (size before relaxing)
 .eh_frame      0x0000000000443a40      0x1b0 build/r_draw.o
                                        0x1c8 (size before relaxing)
 .eh_frame      0x0000000000443bf0      0x210 build/r_main.o
                                        0x228 (size before relaxing)
 .eh_frame      0x0000000000443e00      0x100 build/r_plane.o
                                        0x118 (size before relaxing)
 .eh_frame      0x0000000000443f00       0x88 build/r_segs.o
                                         0xa0 (size before relaxing)
 .eh_frame      0x0000000000443f88       0x18 build/r_sky.o
                                         0x30 (size before relaxing)
 .eh_frame      0x0000000000443fa0      0x1f8 build/r_things.o
                                        0x210 (size before relaxing)
 .eh_frame      0x0000000000444198       0xd8 build/sha1.o
                                         0xf0 (size before relaxing)
 .eh_frame      0x0000000000444270       0x38 build/statdump.o
                                         0x50 (size before relaxing)
 .eh_frame      0x00000000004442a8      0x158 build/st_lib.o
                                        0x170 (size before relaxing)
 .eh_frame      0x0000000000444400      0x2c8 build/st_stuff.o
                                        0x2e0 (size before relaxing)
 .eh_frame      0x00000000004446c8      0x210 build/s_sound.o
                                        0x228 (size before relaxing)
 .eh_frame      0x00000000004448d8       0x18 build/tables.o
                                         0x30 (size before relaxing)
 .eh_frame      0x00000000004448f0      0x328 build/v_video.o
                                        0x340 (size before relaxing)
 .eh_frame      0x0000000000444c18      0x518 build/wi_stuff.o
                                        0x530 (size before relaxing)
 .eh_frame      0x0000000000445130       0x30 build/w_checksum.o
                                         0x48 (size before relaxing)
 .eh_frame      0x0000000000445160       0x48 build/w_file.o
                                         0x60 (size before relaxing)
 .eh_frame      0x00000000004451a8       0x28 build/w_main.o
                                         0x40 (size before relaxing)
 .eh_frame      0x00000000004451d0      0x1e0 build/w_wad.o
                                        0x1f8 (size before relaxing)
 .eh_frame      0x00000000004453b0      0x198 build/z_zone.o
                                        0x1b0 (size before relaxing)
 .eh_frame      0x0000000000445548       0x70 build/w_file_stdc.o
                                         0x88 (size before relaxing)
 .eh_frame      0x00000000004455b8       0x38 build/i_input.o
                                         0x50 (size before relaxing)
 .eh_frame      0x00000000004455f0      0x1d8 build/i_video.o
                                        0x1f0 (size before relaxing)
 .eh_frame      0x00000000004457c8       0x20 build/doomgeneric.o
                                         0x38 (size before relaxing)
 .eh_frame      0x00000000004457e8       0xac build/doomgeneric_umbra.o
                                         0xc8 (size before relaxing)
 .eh_frame      0x0000000000445894        0x4 /mnt/c/dev/umbra-os/sysroot/lib/gcc/x86_64-umbra/13.2.0/crtend.o
 *(.eh_frame.*)

.sframe         0x0000000000445898        0x0
 *(.sframe)
 .sframe        0x0000000000445898        0x0 /mnt/c/dev/umbra-os/sysroot/usr/lib/crt0.o
 *(.sframe.*)

.gcc_except_table
 *(.gcc_except_table .gcc_except_table.*)

.gnu_extab
 *(.gnu_extab*)

.exception_ranges
 *(.exception_ranges*)
                0x0000000000446000                . = DATA_SEGMENT_ALIGN (CONSTANT (MAXPAGESIZE), CONSTANT (COMMONPAGESIZE))

.eh_frame
 *(.eh_frame)
 *(.eh_frame.*)

.sframe
 *(.sframe)
 *(.sframe.*)

.gnu_extab
 *(.gnu_extab)

.gcc_except_table
 *(.gcc_except_table .gcc_except_table.*)

.exception_ranges
 *(.exception_ranges*)

.tdata          0x0000000000446000        0x0
                [!provide]                        PROVIDE (__tdata_start = .)
 *(.tdata .tdata.* .gnu.linkonce.td.*)

.tbss
 *(.tbss .tbss.* .gnu.linkonce.tb.*)
 *(.tcommon)

.preinit_array  0x0000000000446000        0x0
                [!provide]                        PROVIDE (__preinit_array_start = .)
 *(.preinit_array)
                [!provide]                        PROVIDE (__preinit_array_end = .)

.init_array     0x0000000000446000        0x8
                [!provide]                        PROVIDE (__init_array_start = .)
 *(SORT_BY_INIT_PRIORITY(.init_array.*) SORT_BY_INIT_PRIORITY(.ctors.*))
 *(.init_array EXCLUDE_FILE(*crtend?.o *crtend.o *crtbegin?.o *crtbegin.o) .ctors)
 .init_array    0x0000000000446000        0x8 /mnt/c/dev/umbra-os/sysroot/lib/gcc/x86_64-umbra/13.2.0/crtbegin.o
                [!provide]                        PROVIDE (__init_array_end = .)

.fini_array     0x0000000000446008        0x8
                [!provide]                        PROVIDE (__fini_array_start = .)
 *(SORT_BY_INIT_PRIORITY(.fini_array.*) SORT_BY_INIT_PRIORITY(.dtors.*))
 *(.fini_array EXCLUDE_FILE(*crtend?.o *crtend.o *crtbegin?.o *crtbegin.o) .dtors)
 .fini_array    0x0000000000446008        0x8 /mnt/c/dev/umbra-os/sysroot/lib/gcc/x86_64-umbra/13.2.0/crtbegin.o
                [!provide]                        PROVIDE (__fini_array_end = .)

.ctors
 *crtbegin.o(.ctors)
 *crtbegin?.o(.ctors)
 *(EXCLUDE_FILE(*crtend?.o *crtend.o) .ctors)
 *(SORT_BY_NAME(.ctors.*))
 *(.ctors)

.dtors
 *crtbegin.o(.dtors)
 *crtbegin?.o(.dtors)
 *(EXCLUDE_FILE(*crtend?.o *crtend.o) .dtors)
 *(SORT_BY_NAME(.dtors.*))
 *(.dtors)

.jcr
 *(.jcr)

.data.rel.ro    0x0000000000446010        0x0
 *(.data.rel.ro.local* .gnu.linkonce.d.rel.ro.local.*)
 *(.data.rel.ro .data.rel.ro.* .gnu.linkonce.d.rel.ro.*)
 .data.rel.ro   0x0000000000446010        0x0 /mnt/c/dev/umbra-os/sysroot/usr/lib/crt0.o

.dynamic        0x0000000000446010      0x200
 *(.dynamic)
 .dynamic       0x0000000000446010      0x200 /mnt/c/dev/umbra-os/sysroot/usr/lib/crt0.o
                0x0000000000446010                _DYNAMIC

.got            0x0000000000446210       0x28
 *(.got)
 .got           0x0000000000446210       0x28 /mnt/c/dev/umbra-os/sysroot/usr/lib/crt0.o
 *(.igot)
                0x0000000000446238                . = DATA_SEGMENT_RELRO_END (., (SIZEOF (.got.plt) >= 0x18)?0x18:0x0)

.got.plt        0x0000000000446238      0x178
 *(.got.plt)
 .got.plt       0x0000000000446238      0x178 /mnt/c/dev/umbra-os/sysroot/usr/lib/crt0.o
                0x0000000000446238                _GLOBAL_OFFSET_TABLE_
 *(.igot.plt)
 .igot.plt      0x00000000004463b0        0x0 /mnt/c/dev/umbra-os/sysroot/usr/lib/crt0.o

.data           0x00000000004463c0    0x13798
 *(.data .data.* .gnu.linkonce.d.*)
 .data          0x00000000004463c0      0x2b0 build/am_map.o
                0x0000000000446420                cheat_amap
                0x0000000000446480                thintriangle_guy
                0x00000000004464c0                triangle_guy
                0x0000000000446500                cheat_player_arrow
                0x0000000000446600                player_arrow
 .data          0x0000000000446670        0x8 build/doomstat.o
                0x0000000000446670                gameversion
                0x0000000000446674                gamemode
 *fill*         0x0000000000446678        0x8 
 .data          0x0000000000446680       0x80 build/dstrings.o
                0x0000000000446680                doom2_endmsg
                0x00000000004466c0                doom1_endmsg
 .data          0x0000000000446700       0xd8 build/d_items.o
                0x0000000000446700                weaponinfo
 .data          0x00000000004467d8        0x4 build/d_loop.o
 .data          0x00000000004467dc        0xc build/d_main.o
                0x00000000004467e0                wipegamestate
                0x00000000004467e4                show_endoom
 *fill*         0x00000000004467e8       0x18 
 .data          0x0000000000446800       0x20 build/d_net.o
 .data          0x0000000000446820      0x3e0 build/f_finale.o
                0x0000000000446820                castorder
 .data          0x0000000000446c00      0x14c build/g_game.o
                0x0000000000446c00                cpars
                0x0000000000446c80                pars
                0x0000000000446d20                vanilla_demo_limit
                0x0000000000446d24                vanilla_savegame_limit
                0x0000000000446d28                angleturn
                0x0000000000446d38                sidemove
                0x0000000000446d40                forwardmove
                0x0000000000446d48                precache
 *fill*         0x0000000000446d4c       0x14 
 .data          0x0000000000446d60      0x4f0 build/hu_stuff.o
                0x0000000000446d60                mapnames_commercial
                0x0000000000447060                mapnames
                0x00000000004471e0                player_names
                0x0000000000447200                chat_macros
 *fill*         0x0000000000447250       0x10 
 .data          0x0000000000447260     0xccb8 build/info.o
                0x0000000000447260                mobjinfo
                0x000000000044a3a0                states
                0x0000000000453ac0                sprnames
 *fill*         0x0000000000453f18        0x8 
 .data          0x0000000000453f20       0x34 build/i_joystick.o
 *fill*         0x0000000000453f54        0x4 
 .data          0x0000000000453f58       0x1c build/i_sound.o
                0x0000000000453f58                snd_sfxdevice
                0x0000000000453f5c                snd_musicdevice
                0x0000000000453f60                snd_musiccmd
                0x0000000000453f68                snd_maxslicetime_ms
                0x0000000000453f6c                snd_cachesize
                0x0000000000453f70                snd_samplerate
 *fill*         0x0000000000453f74        0x4 
 .data          0x0000000000453f78       0x10 build/i_system.o
 *fill*         0x0000000000453f88       0x18 
 .data          0x0000000000453fa0     0x18a0 build/m_config.o
 .data          0x0000000000455840      0x19c build/m_controls.o
                0x0000000000455840                dclick_use
                0x0000000000455844                joybmenu
                0x0000000000455848                joybnextweapon
                0x000000000045584c                joybprevweapon
                0x0000000000455850                joybjump
                0x0000000000455854                joybstraferight
                0x0000000000455858                joybstrafeleft
                0x000000000045585c                joybspeed
                0x0000000000455860                joybuse
                0x0000000000455864                joybstrafe
                0x0000000000455868                key_menu_decscreen
                0x000000000045586c                key_menu_incscreen
                0x0000000000455870                key_menu_gamma
                0x0000000000455874                key_menu_quit
                0x0000000000455878                key_menu_qload
                0x000000000045587c                key_menu_messages
                0x0000000000455880                key_menu_endgame
                0x0000000000455884                key_menu_qsave
                0x0000000000455888                key_menu_detail
                0x000000000045588c                key_menu_volume
                0x0000000000455890                key_menu_load
                0x0000000000455894                key_menu_save
                0x0000000000455898                key_menu_help
                0x000000000045589c                key_menu_abort
                0x00000000004558a0                key_menu_confirm
                0x00000000004558a4                key_menu_forward
                0x00000000004558a8                key_menu_back
                0x00000000004558ac                key_menu_right
                0x00000000004558b0                key_menu_left
                0x00000000004558b4                key_menu_down
                0x00000000004558b8                key_menu_up
                0x00000000004558bc                key_menu_activate
                0x00000000004558c0                key_map_clearmark
                0x00000000004558c4                key_map_mark
                0x00000000004558c8                key_map_grid
                0x00000000004558cc                key_map_follow
                0x00000000004558d0                key_map_maxzoom
                0x00000000004558d4                key_map_toggle
                0x00000000004558d8                key_map_zoomout
                0x00000000004558dc                key_map_zoomin
                0x00000000004558e0                key_map_west
                0x00000000004558e4                key_map_east
                0x00000000004558e8                key_map_south
                0x00000000004558ec                key_map_north
                0x00000000004558f0                key_weapon8
                0x00000000004558f4                key_weapon7
                0x00000000004558f8                key_weapon6
                0x00000000004558fc                key_weapon5
                0x0000000000455900                key_weapon4
                0x0000000000455904                key_weapon3
                0x0000000000455908                key_weapon2
                0x000000000045590c                key_weapon1
                0x0000000000455910                key_multi_msg
                0x0000000000455914                key_spy
                0x0000000000455918                key_demo_quit
                0x000000000045591c                key_pause
                0x0000000000455920                key_message_refresh